[
  {
   "cmd": ["[DEPOT_TOOLS_ROOT]/gclient", "config", "--spec", "deps_os = {}\nhooks = []\ntarget_os_only = False\nsolutions = [{'managed': True, 'custom_vars': {'webkit_trunk': 'svn://svn-mirror.golo.chromium.org/blink/trunk', 'googlecode_url': 'svn://svn-mirror.golo.chromium.org/%s', 'nacl_trunk': 'svn://svn-mirror.golo.chromium.org/native_client/trunk', 'sourceforge_url': 'svn://svn-mirror.golo.chromium.org/%(repo)s'}, 'url': 'svn://svn-mirror.golo.chromium.org/chrome/trunk/src', 'custom_deps': {'src/third_party/WebKit/LayoutTests': None, 'src/webkit/data/layout_tests/LayoutTests': None, 'src/third_party/WebKit': 'svn://svn-mirror.golo.chromium.org/blink/trunk'}, 'deps_file': 'DEPS', 'safesync_url': None, 'name': 'src'}]\ntarget_os = []\n"],
   "name": "gclient setup",
   "seed_steps": ["gclient setup", "gclient clean", "gclient sync", "apply_issue", "gclient runhooks", "compile", "webkit_unit_tests", "webkit_lint"]
  },
  {
   "cmd": ["[DEPOT_TOOLS_ROOT]/gclient", "revert", "--nohooks"],
   "name": "gclient clean"
  },
  {
   "cmd": ["[DEPOT_TOOLS_ROOT]/gclient", "sync", "--nohooks"],
   "name": "gclient sync"
  },
  {
   "cmd": ["[DEPOT_TOOLS_ROOT]/apply_issue", "-r", "[SLAVE_BUILD_ROOT]/src", "-i", 12853011, "-p", 1, "-s", "https://chromiumcodereview.appspot.com", "-e", "commit-bot@chromium.org"],
   "name": "apply_issue"
  },
  {
   "cmd": ["[DEPOT_TOOLS_ROOT]/gclient", "runhooks"],
   "env": {"GYP_DEFINES": "fastbuild=1 component=static_library", "GYP_GENERATORS": "ninja", "GYP_GENERATOR_FLAGS": "", "GYP_MSVS_VERSION": ""},
   "name": "gclient runhooks"
  },
  {
   "cmd": ["python", "[BUILD_ROOT]/scripts/slave/compile.py", "--target", "Release", "--build-dir", "[SLAVE_BUILD_ROOT]/src/out", "--build-tool", "ninja", "--compiler", "goma", "--", "all_webkit", "content_shell"],
   "name": "compile"
  },
  {
   "cmd": ["python", "[BUILD_ROOT]/scripts/slave/runtest.py", "--target", "Release", "--build-dir", "[SLAVE_BUILD_ROOT]/src/out", "--no-xvfb", "--factory-properties", "{\"rietveld\": \"https://chromiumcodereview.appspot.com\", \"blamelist\": [\"cool_dev1337@chromium.org\"], \"issue\": 12853011, \"build_config\": \"Debug\", \"patchset\": 1, \"config_name\": \"blink\", \"recipe\": \"blink_trybot\"}", "--build-properties", "{\"rietveld\": \"https://chromiumcodereview.appspot.com\", \"blamelist\": [\"cool_dev1337@chromium.org\"], \"issue\": 12853011, \"build_config\": \"Debug\", \"patchset\": 1, \"config_name\": \"blink\", \"recipe\": \"blink_trybot\"}", "webkit_unit_tests"],
   "name": "webkit_unit_tests"
  },
  {
   "cmd": ["python", "[BUILD_ROOT]/scripts/slave/chromium/lint_test_files_wrapper.py", "--build-dir", "[SLAVE_BUILD_ROOT]/src/out", "--target", "Debug"],
   "name": "webkit_lint"
  },
  {
   "can_fail_build": false,
   "cmd": ["python", "[BUILD_ROOT]/scripts/slave/chromium/layout_test_wrapper.py", "--output-json", "/path/to/tmp/json"],
   "name": "webkit_tests (with patch)"
  },
  {
   "cmd": ["python", "-e", "print \"ALL IS WELL\""],
   "name": "webkit_tests"
  }
]