[
  {
   "cmd": ["[DEPOT_TOOLS_ROOT]/gclient", "config", "--spec", "solutions = [{'url': 'svn://svn-mirror.golo.chromium.org/blink/trunk', 'safesync_url': '', 'managed': True, 'name': 'blink', 'deps_file': ''}]\n"],
   "name": "gclient setup",
   "seed_steps": ["gclient setup", "gclient clean", "gclient sync"]
  },
  {
   "cmd": ["[DEPOT_TOOLS_ROOT]/gclient", "revert", "--nohooks"],
   "name": "gclient clean",
   "seed_steps": []
  },
  {
   "cmd": ["[DEPOT_TOOLS_ROOT]/gclient", "sync", "--nohooks"],
   "name": "gclient sync",
   "seed_steps": []
  },
  {
   "cmd": ["[DEPOT_TOOLS_ROOT]/apply_issue", "-r", "[SLAVE_BUILD_ROOT]/blink/", "-i", 12853011, "-p", 1, "-s", "https://chromiumcodereview.appspot.com", "-e", "commit-bot@chromium.org"],
   "name": "apply_issue"
  },
  {
   "cmd": ["[DEPOT_TOOLS_ROOT]/presubmit_support.py", "--root", "[SLAVE_BUILD_ROOT]/blink/", "--commit", "--verbose", "--verbose", "--issue", 12853011, "--patchset", 1, "--skip_canned", "CheckRietveldTryJobExecution", "--skip_canned", "CheckTreeIsOpen", "--skip_canned", "CheckBuildbotPendingBuilds", "--rietveld_url", "https://chromiumcodereview.appspot.com", "--rietveld_email", "", "--rietveld_fetch"],
   "name": "presubmit"
  }
]