[
  {
    "cmd": [
      "[DEPOT_TOOLS_ROOT]/apply_issue", 
      "-r", 
      "[BUILD_ROOT]/slave/fake_slave/build/src/third_party/WebKit", 
      "-i", 
      12853011, 
      "-p", 
      1, 
      "-s", 
      "https://chromiumcodereview.appspot.com", 
      "-e", 
      "commit-bot@chromium.org"
    ], 
    "name": "apply_issue"
  }, 
  {
    "cmd": [
      "[DEPOT_TOOLS_ROOT]/presubmit_support.py", 
      "--root", 
      "[BUILD_ROOT]/slave/fake_slave/build/src/third_party/WebKit", 
      "--commit", 
      "--verbose", 
      "--verbose", 
      "--issue", 
      12853011, 
      "--patchset", 
      1, 
      "--skip_canned", 
      "CheckRietveldTryJobExecution", 
      "--skip_canned", 
      "CheckTreeIsOpen", 
      "--skip_canned", 
      "CheckBuildbotPendingBuilds", 
      "--rietveld_url", 
      "https://chromiumcodereview.appspot.com", 
      "--rietveld_email", 
      "", 
      "--rietveld_fetch"
    ], 
    "name": "presubmit"
  }
]